TAP version 13
# Subtest: valid form normalizes values without inferring ownership
ok 1 - valid form normalizes values without inferring ownership
  ---
  duration_ms: 1.425996
  type: 'test'
  ...
# Subtest: blank name is rejected
ok 2 - blank name is rejected
  ---
  duration_ms: 0.910238
  type: 'test'
  ...
# Subtest: single character names are not arbitrarily excluded
ok 3 - single character names are not arbitrarily excluded
  ---
  duration_ms: 0.179964
  type: 'test'
  ...
# Subtest: name length is bounded
ok 4 - name length is bounded
  ---
  duration_ms: 0.107678
  type: 'test'
  ...
# Subtest: control characters in name are rejected
ok 5 - control characters in name are rejected
  ---
  duration_ms: 0.095731
  type: 'test'
  ...
# Subtest: email requires syntax, not a claimed delivery check
ok 6 - email requires syntax, not a claimed delivery check
  ---
  duration_ms: 0.12927
  type: 'test'
  ...
# Subtest: CRLF in email is rejected
ok 7 - CRLF in email is rejected
  ---
  duration_ms: 0.088911
  type: 'test'
  ...
# Subtest: unknown extra fields are dropped
ok 8 - unknown extra fields are dropped
  ---
  duration_ms: 0.090493
  type: 'test'
  ...
# Subtest: all consents must be actual booleans
ok 9 - all consents must be actual booleans
  ---
  duration_ms: 0.252341
  type: 'test'
  ...
# Subtest: missing consent fails
ok 10 - missing consent fails
  ---
  duration_ms: 0.320461
  type: 'test'
  ...
# Subtest: mismatched policy fails
ok 11 - mismatched policy fails
  ---
  duration_ms: 0.148769
  type: 'test'
  ...
# Subtest: no configured policy cannot silently proceed
ok 12 - no configured policy cannot silently proceed
  ---
  duration_ms: 0.427348
  type: 'test'
  ...
# Subtest: invalid request key fails
ok 13 - invalid request key fails
  ---
  duration_ms: 0.092826
  type: 'test'
  ...
# Subtest: non-object payload fails
ok 14 - non-object payload fails
  ---
  duration_ms: 0.059187
  type: 'test'
  ...
# Subtest: IG normalization strips @ and lowercases
ok 15 - IG normalization strips @ and lowercases
  ---
  duration_ms: 0.051486
  type: 'test'
  ...
# Subtest: IG URL is not a username
ok 16 - IG URL is not a username
  ---
  duration_ms: 0.066818
  type: 'test'
  ...
# Subtest: IG exceeds 30 characters
ok 17 - IG exceeds 30 characters
  ---
  duration_ms: 0.063333
  type: 'test'
  ...
# Subtest: phone letters are not silently discarded
ok 18 - phone letters are not silently discarded
  ---
  duration_ms: 0.046678
  type: 'test'
  ...
# Subtest: already international KR phone accepted
ok 19 - already international KR phone accepted
  ---
  duration_ms: 0.070584
  type: 'test'
  ...
# Subtest: landline normalization
ok 20 - landline normalization
  ---
  duration_ms: 0.048
  type: 'test'
  ...
# Subtest: due token refreshes
ok 21 - due token refreshes
  ---
  duration_ms: 0.216318
  type: 'test'
  ...
# Subtest: expired token requires reconnect
ok 22 - expired token requires reconnect
  ---
  duration_ms: 0.071735
  type: 'test'
  ...
# Subtest: fresh token is skipped
ok 23 - fresh token is skipped
  ---
  duration_ms: 0.057334
  type: 'test'
  ...
# Subtest: exactly 24h old is eligible
ok 24 - exactly 24h old is eligible
  ---
  duration_ms: 0.05442
  type: 'test'
  ...
# Subtest: exactly 7 days remaining is not due, matching legacy strict cutoff
ok 25 - exactly 7 days remaining is not due, matching legacy strict cutoff
  ---
  duration_ms: 0.048271
  type: 'test'
  ...
# Subtest: missing expiry does not invent 60 days
ok 26 - missing expiry does not invent 60 days
  ---
  duration_ms: 0.049093
  type: 'test'
  ...
# Subtest: future save timestamp treated as bad metadata
ok 27 - future save timestamp treated as bad metadata
  ---
  duration_ms: 0.053278
  type: 'test'
  ...
# Subtest: timezone-free metadata rejected
ok 28 - timezone-free metadata rejected
  ---
  duration_ms: 0.052767
  type: 'test'
  ...
# Subtest: actual expires_in determines expiry
ok 29 - actual expires_in determines expiry
  ---
  duration_ms: 0.359458
  type: 'test'
  ...
# Subtest: invalid expires_in undefined
ok 30 - invalid expires_in undefined
  ---
  duration_ms: 0.309765
  type: 'test'
  ...
# Subtest: invalid expires_in 0
ok 31 - invalid expires_in 0
  ---
  duration_ms: 0.072898
  type: 'test'
  ...
# Subtest: invalid expires_in -1
ok 32 - invalid expires_in -1
  ---
  duration_ms: 0.05436
  type: 'test'
  ...
# Subtest: invalid expires_in true
ok 33 - invalid expires_in true
  ---
  duration_ms: 0.046929
  type: 'test'
  ...
# Subtest: invalid expires_in 3600
ok 34 - invalid expires_in 3600
  ---
  duration_ms: 0.045086
  type: 'test'
  ...
# Subtest: invalid expires_in NaN
ok 35 - invalid expires_in NaN
  ---
  duration_ms: 0.66677
  type: 'test'
  ...
# Subtest: invalid expires_in 1.5
ok 36 - invalid expires_in 1.5
  ---
  duration_ms: 0.067939
  type: 'test'
  ...
# Subtest: token response requires a token
ok 37 - token response requires a token
  ---
  duration_ms: 0.14962
  type: 'test'
  ...
# Subtest: mail deterministic key is receipt-specific
ok 38 - mail deterministic key is receipt-specific
  ---
  duration_ms: 12.011344
  type: 'test'
  ...
# Subtest: reconnection subject is distinct
ok 39 - reconnection subject is distinct
  ---
  duration_ms: 0.293191
  type: 'test'
  ...
# Subtest: HTML in name is escaped
ok 40 - HTML in name is escaped
  ---
  duration_ms: 0.331377
  type: 'test'
  ...
# Subtest: injected subject field rejected
ok 41 - injected subject field rejected
  ---
  duration_ms: 0.10919
  type: 'test'
  ...
# Subtest: token is never included, even if caller supplies it
ok 42 - token is never included, even if caller supplies it
  ---
  duration_ms: 0.212212
  type: 'test'
  ...
# Subtest: mail escaping includes quotes
ok 43 - mail escaping includes quotes
  ---
  duration_ms: 0.072947
  type: 'test'
  ...
# Subtest: replaceAttemptId is optional and explicitly preserved
ok 44 - replaceAttemptId is optional and explicitly preserved
  ---
  duration_ms: 0.116631
  type: 'test'
  ...
# Subtest: malformed replaceAttemptId is rejected
ok 45 - malformed replaceAttemptId is rejected
  ---
  duration_ms: 0.071525
  type: 'test'
  ...
# Subtest: omitted replaceAttemptId is not invented
ok 46 - omitted replaceAttemptId is not invented
  ---
  duration_ms: 0.10204
  type: 'test'
  ...
# Subtest: start lost response reuses exact authorization state
ok 47 - start lost response reuses exact authorization state
  ---
  duration_ms: 1.10231
  type: 'test'
  ...
# Subtest: same key changed payload is conflict
ok 48 - same key changed payload is conflict
  ---
  duration_ms: 0.114358
  type: 'test'
  ...
# Subtest: expired state is never replayed
ok 49 - expired state is never replayed
  ---
  duration_ms: 0.119776
  type: 'test'
  ...
# Subtest: start retry after oauth_returned
ok 50 - start retry after oauth_returned
  ---
  duration_ms: 0.094088
  type: 'test'
  ...
# Subtest: start retry after exchanging
ok 51 - start retry after exchanging
  ---
  duration_ms: 0.104844
  type: 'test'
  ...
# Subtest: start retry after saving
ok 52 - start retry after saving
  ---
  duration_ms: 0.079647
  type: 'test'
  ...
# Subtest: start retry after awaiting_account_confirmation
ok 53 - start retry after awaiting_account_confirmation
  ---
  duration_ms: 0.055943
  type: 'test'
  ...
# Subtest: start replay completed is receipt resume
ok 54 - start replay completed is receipt resume
  ---
  duration_ms: 0.078385
  type: 'test'
  ...
# Subtest: start replay terminal failed
ok 55 - start replay terminal failed
  ---
  duration_ms: 0.222216
  type: 'test'
  ...
# Subtest: start replay terminal cancelled
ok 56 - start replay terminal cancelled
  ---
  duration_ms: 0.442871
  type: 'test'
  ...
# Subtest: start replay terminal expired
ok 57 - start replay terminal expired
  ---
  duration_ms: 0.117903
  type: 'test'
  ...
# Subtest: unknown start status is not guessed
ok 58 - unknown start status is not guessed
  ---
  duration_ms: 0.27864
  type: 'test'
  ...
# Subtest: bad fingerprint fails closed
ok 59 - bad fingerprint fails closed
  ---
  duration_ms: 0.773326
  type: 'test'
  ...
# Subtest: confirmation binds correct candidate revision
ok 60 - confirmation binds correct candidate revision
  ---
  duration_ms: 0.080228
  type: 'test'
  ...
# Subtest: old tab cannot approve new attempt
ok 61 - old tab cannot approve new attempt
  ---
  duration_ms: 0.054921
  type: 'test'
  ...
# Subtest: stale candidate cannot be approved
ok 62 - stale candidate cannot be approved
  ---
  duration_ms: 0.050354
  type: 'test'
  ...
# Subtest: confirmation not accepted during exchange
ok 63 - confirmation not accepted during exchange
  ---
  duration_ms: 0.049863
  type: 'test'
  ...
# Subtest: negative confirmation revision rejected
ok 64 - negative confirmation revision rejected
  ---
  duration_ms: 0.048381
  type: 'test'
  ...
# Subtest: cannot cancel live worker exchanging
ok 65 - cannot cancel live worker exchanging
  ---
  duration_ms: 0.056523
  type: 'test'
  ...
# Subtest: cannot cancel live worker saving
ok 66 - cannot cancel live worker saving
  ---
  duration_ms: 0.030164
  type: 'test'
  ...
# Subtest: explicit replacement pending allowed
ok 67 - explicit replacement pending allowed
  ---
  duration_ms: 0.038707
  type: 'test'
  ...
# Subtest: monotonic same-attempt status accepted
ok 68 - monotonic same-attempt status accepted
  ---
  duration_ms: 0.089492
  type: 'test'
  ...
# Subtest: older status ignored
ok 69 - older status ignored
  ---
  duration_ms: 0.051816
  type: 'test'
  ...
# Subtest: higher revision from other attempt ignored
ok 70 - higher revision from other attempt ignored
  ---
  duration_ms: 0.068641
  type: 'test'
  ...
# Subtest: unsafe status revision ignored
ok 71 - unsafe status revision ignored
  ---
  duration_ms: 0.059998
  type: 'test'
  ...
# Subtest: older authorization cannot overwrite newer token
ok 72 - older authorization cannot overwrite newer token
  ---
  duration_ms: 0.074519
  type: 'test'
  ...
# Subtest: newer authorization accepted by order policy
ok 73 - newer authorization accepted by order policy
  ---
  duration_ms: 0.044716
  type: 'test'
  ...
# Subtest: attempt order deterministic on equal time
ok 74 - attempt order deterministic on equal time
  ---
  duration_ms: 0.045106
  type: 'test'
  ...
# Subtest: no previous attempt not stale
ok 75 - no previous attempt not stale
  ---
  duration_ms: 0.038557
  type: 'test'
  ...
# Subtest: phone DB prefix parity 00123456789
ok 76 - phone DB prefix parity 00123456789
  ---
  duration_ms: 0.144773
  type: 'test'
  ...
# Subtest: phone DB prefix parity 0000000000
ok 77 - phone DB prefix parity 0000000000
  ---
  duration_ms: 0.094258
  type: 'test'
  ...
# Subtest: phone DB prefix parity +82012345678
ok 78 - phone DB prefix parity +82012345678
  ---
  duration_ms: 0.035953
  type: 'test'
  ...
# Subtest: normalized phone matches SQL constraint 010-1234-5678
ok 79 - normalized phone matches SQL constraint 010-1234-5678
  ---
  duration_ms: 0.177441
  type: 'test'
  ...
# Subtest: normalized phone matches SQL constraint 02-123-4567
ok 80 - normalized phone matches SQL constraint 02-123-4567
  ---
  duration_ms: 0.075671
  type: 'test'
  ...
# Subtest: normalized phone matches SQL constraint +82 10 1234 5678
ok 81 - normalized phone matches SQL constraint +82 10 1234 5678
  ---
  duration_ms: 0.038236
  type: 'test'
  ...
# Subtest: first real v2 registration creates one initial analysis request
ok 82 - first real v2 registration creates one initial analysis request
  ---
  duration_ms: 1.213714
  type: 'test'
  ...
# Subtest: an existing legacy account without a v2 initial request is still first submission
ok 83 - an existing legacy account without a v2 initial request is still first submission
  ---
  duration_ms: 0.219042
  type: 'test'
  ...
# Subtest: reconnection creates a receipt but no new analysis request
ok 84 - reconnection creates a receipt but no new analysis request
  ---
  duration_ms: 0.137633
  type: 'test'
  ...
# Subtest: completed attempt is reused, root=false
ok 85 - completed attempt is reused, root=false
  ---
  duration_ms: 0.108058
  type: 'test'
  ...
# Subtest: completed attempt is reused, root=true
ok 86 - completed attempt is reused, root=true
  ---
  duration_ms: 0.073668
  type: 'test'
  ...
# Subtest: same contacts never affect server account classification
ok 87 - same contacts never affect server account classification
  ---
  duration_ms: 0.087599
  type: 'test'
  ...
# Subtest: invalid server facts are rejected: null
ok 88 - invalid server facts are rejected: null
  ---
  duration_ms: 0.379138
  type: 'test'
  ...
# Subtest: invalid server facts are rejected: []
ok 89 - invalid server facts are rejected: []
  ---
  duration_ms: 0.077043
  type: 'test'
  ...
# Subtest: invalid server facts are rejected: {}
ok 90 - invalid server facts are rejected: {}
  ---
  duration_ms: 0.208366
  type: 'test'
  ...
# Subtest: invalid server facts are rejected: {"hasInitialV2Request":"false","attemptAlreadyCompleted":false}
ok 91 - invalid server facts are rejected: {"hasInitialV2Request":"false","attemptAlreadyCompleted":false}
  ---
  duration_ms: 0.313922
  type: 'test'
  ...
# Subtest: invalid server facts are rejected: {"hasInitialV2Request":false,"attemptAlreadyCompleted":1}
ok 92 - invalid server facts are rejected: {"hasInitialV2Request":false,"attemptAlreadyCompleted":1}
  ---
  duration_ms: 0.131634
  type: 'test'
  ...
# Subtest: reconnection mail does not claim another pending analysis
ok 93 - reconnection mail does not claim another pending analysis
  ---
  duration_ms: 12.518129
  type: 'test'
  ...
# Subtest: initial mail keeps the pending review message
ok 94 - initial mail keeps the pending review message
  ---
  duration_ms: 0.337055
  type: 'test'
  ...
# Subtest: a string reconnection flag is rejected
ok 95 - a string reconnection flag is rejected
  ---
  duration_ms: 0.219062
  type: 'test'
  ...
1..95
# tests 95
# suites 0
# pass 95
# fail 0
# cancelled 0
# skipped 0
# todo 0
# duration_ms 94.79394
