TAP version 13
# Subtest: valid form normalizes values without inferring ownership
ok 1 - valid form normalizes values without inferring ownership
  ---
  duration_ms: 1.545331
  type: 'test'
  ...
# Subtest: blank name is rejected
ok 2 - blank name is rejected
  ---
  duration_ms: 0.390996
  type: 'test'
  ...
# Subtest: single character names are not arbitrarily excluded
ok 3 - single character names are not arbitrarily excluded
  ---
  duration_ms: 0.313377
  type: 'test'
  ...
# Subtest: name length is bounded
ok 4 - name length is bounded
  ---
  duration_ms: 0.131673
  type: 'test'
  ...
# Subtest: control characters in name are rejected
ok 5 - control characters in name are rejected
  ---
  duration_ms: 0.100155
  type: 'test'
  ...
# Subtest: email requires syntax, not a claimed delivery check
ok 6 - email requires syntax, not a claimed delivery check
  ---
  duration_ms: 0.118361
  type: 'test'
  ...
# Subtest: CRLF in email is rejected
ok 7 - CRLF in email is rejected
  ---
  duration_ms: 0.080858
  type: 'test'
  ...
# Subtest: unknown extra fields are dropped
ok 8 - unknown extra fields are dropped
  ---
  duration_ms: 0.086773
  type: 'test'
  ...
# Subtest: all consents must be actual booleans
ok 9 - all consents must be actual booleans
  ---
  duration_ms: 0.30153
  type: 'test'
  ...
# Subtest: missing consent fails
ok 10 - missing consent fails
  ---
  duration_ms: 0.333308
  type: 'test'
  ...
# Subtest: mismatched policy fails
ok 11 - mismatched policy fails
  ---
  duration_ms: 0.143989
  type: 'test'
  ...
# Subtest: no configured policy cannot silently proceed
ok 12 - no configured policy cannot silently proceed
  ---
  duration_ms: 0.380237
  type: 'test'
  ...
# Subtest: invalid request key fails
ok 13 - invalid request key fails
  ---
  duration_ms: 0.081742
  type: 'test'
  ...
# Subtest: non-object payload fails
ok 14 - non-object payload fails
  ---
  duration_ms: 0.045963
  type: 'test'
  ...
# Subtest: IG normalization strips @ and lowercases
ok 15 - IG normalization strips @ and lowercases
  ---
  duration_ms: 0.041808
  type: 'test'
  ...
# Subtest: IG URL is not a username
ok 16 - IG URL is not a username
  ---
  duration_ms: 0.048599
  type: 'test'
  ...
# Subtest: IG exceeds 30 characters
ok 17 - IG exceeds 30 characters
  ---
  duration_ms: 0.141932
  type: 'test'
  ...
# Subtest: phone letters are not silently discarded
ok 18 - phone letters are not silently discarded
  ---
  duration_ms: 0.051934
  type: 'test'
  ...
# Subtest: already international KR phone accepted
ok 19 - already international KR phone accepted
  ---
  duration_ms: 0.074672
  type: 'test'
  ...
# Subtest: landline normalization
ok 20 - landline normalization
  ---
  duration_ms: 0.043059
  type: 'test'
  ...
# Subtest: due token refreshes
ok 21 - due token refreshes
  ---
  duration_ms: 0.237648
  type: 'test'
  ...
# Subtest: expired token requires reconnect
ok 22 - expired token requires reconnect
  ---
  duration_ms: 0.067872
  type: 'test'
  ...
# Subtest: fresh token is skipped
ok 23 - fresh token is skipped
  ---
  duration_ms: 0.04647
  type: 'test'
  ...
# Subtest: exactly 24h old is eligible
ok 24 - exactly 24h old is eligible
  ---
  duration_ms: 0.047906
  type: 'test'
  ...
# Subtest: exactly 7 days remaining is not due, matching legacy strict cutoff
ok 25 - exactly 7 days remaining is not due, matching legacy strict cutoff
  ---
  duration_ms: 0.038962
  type: 'test'
  ...
# Subtest: missing expiry does not invent 60 days
ok 26 - missing expiry does not invent 60 days
  ---
  duration_ms: 0.038086
  type: 'test'
  ...
# Subtest: future save timestamp treated as bad metadata
ok 27 - future save timestamp treated as bad metadata
  ---
  duration_ms: 0.041363
  type: 'test'
  ...
# Subtest: timezone-free metadata rejected
ok 28 - timezone-free metadata rejected
  ---
  duration_ms: 0.043802
  type: 'test'
  ...
# Subtest: actual expires_in determines expiry
ok 29 - actual expires_in determines expiry
  ---
  duration_ms: 1.288083
  type: 'test'
  ...
# Subtest: invalid expires_in undefined
ok 30 - invalid expires_in undefined
  ---
  duration_ms: 0.124321
  type: 'test'
  ...
# Subtest: invalid expires_in 0
ok 31 - invalid expires_in 0
  ---
  duration_ms: 0.087962
  type: 'test'
  ...
# Subtest: invalid expires_in -1
ok 32 - invalid expires_in -1
  ---
  duration_ms: 0.053963
  type: 'test'
  ...
# Subtest: invalid expires_in true
ok 33 - invalid expires_in true
  ---
  duration_ms: 0.046102
  type: 'test'
  ...
# Subtest: invalid expires_in 3600
ok 34 - invalid expires_in 3600
  ---
  duration_ms: 0.044825
  type: 'test'
  ...
# Subtest: invalid expires_in NaN
ok 35 - invalid expires_in NaN
  ---
  duration_ms: 0.043346
  type: 'test'
  ...
# Subtest: invalid expires_in 1.5
ok 36 - invalid expires_in 1.5
  ---
  duration_ms: 1.004142
  type: 'test'
  ...
# Subtest: token response requires a token
ok 37 - token response requires a token
  ---
  duration_ms: 0.278872
  type: 'test'
  ...
# Subtest: mail deterministic key is receipt-specific
ok 38 - mail deterministic key is receipt-specific
  ---
  duration_ms: 25.192029
  type: 'test'
  ...
# Subtest: reconnection subject is distinct
ok 39 - reconnection subject is distinct
  ---
  duration_ms: 0.524755
  type: 'test'
  ...
# Subtest: HTML in name is escaped
ok 40 - HTML in name is escaped
  ---
  duration_ms: 0.407066
  type: 'test'
  ...
# Subtest: injected subject field rejected
ok 41 - injected subject field rejected
  ---
  duration_ms: 0.228332
  type: 'test'
  ...
# Subtest: token is never included, even if caller supplies it
ok 42 - token is never included, even if caller supplies it
  ---
  duration_ms: 0.413847
  type: 'test'
  ...
# Subtest: mail escaping includes quotes
ok 43 - mail escaping includes quotes
  ---
  duration_ms: 0.121531
  type: 'test'
  ...
# Subtest: replaceAttemptId is optional and explicitly preserved
ok 44 - replaceAttemptId is optional and explicitly preserved
  ---
  duration_ms: 0.170033
  type: 'test'
  ...
# Subtest: malformed replaceAttemptId is rejected
ok 45 - malformed replaceAttemptId is rejected
  ---
  duration_ms: 0.241182
  type: 'test'
  ...
# Subtest: omitted replaceAttemptId is not invented
ok 46 - omitted replaceAttemptId is not invented
  ---
  duration_ms: 0.122024
  type: 'test'
  ...
# Subtest: start lost response reuses exact authorization state
ok 47 - start lost response reuses exact authorization state
  ---
  duration_ms: 1.347209
  type: 'test'
  ...
# Subtest: same key changed payload is conflict
ok 48 - same key changed payload is conflict
  ---
  duration_ms: 0.146812
  type: 'test'
  ...
# Subtest: expired state is never replayed
ok 49 - expired state is never replayed
  ---
  duration_ms: 0.135803
  type: 'test'
  ...
# Subtest: start retry after oauth_returned
ok 50 - start retry after oauth_returned
  ---
  duration_ms: 0.098051
  type: 'test'
  ...
# Subtest: start retry after exchanging
ok 51 - start retry after exchanging
  ---
  duration_ms: 0.081941
  type: 'test'
  ...
# Subtest: start retry after saving
ok 52 - start retry after saving
  ---
  duration_ms: 0.07674
  type: 'test'
  ...
# Subtest: start retry after awaiting_account_confirmation
ok 53 - start retry after awaiting_account_confirmation
  ---
  duration_ms: 0.061292
  type: 'test'
  ...
# Subtest: start replay completed is receipt resume
ok 54 - start replay completed is receipt resume
  ---
  duration_ms: 0.081859
  type: 'test'
  ...
# Subtest: start replay terminal failed
ok 55 - start replay terminal failed
  ---
  duration_ms: 0.293968
  type: 'test'
  ...
# Subtest: start replay terminal cancelled
ok 56 - start replay terminal cancelled
  ---
  duration_ms: 0.336906
  type: 'test'
  ...
# Subtest: start replay terminal expired
ok 57 - start replay terminal expired
  ---
  duration_ms: 0.123589
  type: 'test'
  ...
# Subtest: unknown start status is not guessed
ok 58 - unknown start status is not guessed
  ---
  duration_ms: 0.342048
  type: 'test'
  ...
# Subtest: bad fingerprint fails closed
ok 59 - bad fingerprint fails closed
  ---
  duration_ms: 0.939197
  type: 'test'
  ...
# Subtest: confirmation binds correct candidate revision
ok 60 - confirmation binds correct candidate revision
  ---
  duration_ms: 0.124944
  type: 'test'
  ...
# Subtest: old tab cannot approve new attempt
ok 61 - old tab cannot approve new attempt
  ---
  duration_ms: 0.055068
  type: 'test'
  ...
# Subtest: stale candidate cannot be approved
ok 62 - stale candidate cannot be approved
  ---
  duration_ms: 0.04152
  type: 'test'
  ...
# Subtest: confirmation not accepted during exchange
ok 63 - confirmation not accepted during exchange
  ---
  duration_ms: 0.038936
  type: 'test'
  ...
# Subtest: negative confirmation revision rejected
ok 64 - negative confirmation revision rejected
  ---
  duration_ms: 0.081171
  type: 'test'
  ...
# Subtest: cannot cancel live worker exchanging
ok 65 - cannot cancel live worker exchanging
  ---
  duration_ms: 0.060704
  type: 'test'
  ...
# Subtest: cannot cancel live worker saving
ok 66 - cannot cancel live worker saving
  ---
  duration_ms: 0.030321
  type: 'test'
  ...
# Subtest: explicit replacement pending allowed
ok 67 - explicit replacement pending allowed
  ---
  duration_ms: 0.036832
  type: 'test'
  ...
# Subtest: monotonic same-attempt status accepted
ok 68 - monotonic same-attempt status accepted
  ---
  duration_ms: 0.06721
  type: 'test'
  ...
# Subtest: older status ignored
ok 69 - older status ignored
  ---
  duration_ms: 0.04167
  type: 'test'
  ...
# Subtest: higher revision from other attempt ignored
ok 70 - higher revision from other attempt ignored
  ---
  duration_ms: 0.036849
  type: 'test'
  ...
# Subtest: unsafe status revision ignored
ok 71 - unsafe status revision ignored
  ---
  duration_ms: 0.045385
  type: 'test'
  ...
# Subtest: older authorization cannot overwrite newer token
ok 72 - older authorization cannot overwrite newer token
  ---
  duration_ms: 0.067991
  type: 'test'
  ...
# Subtest: newer authorization accepted by order policy
ok 73 - newer authorization accepted by order policy
  ---
  duration_ms: 0.0408
  type: 'test'
  ...
# Subtest: attempt order deterministic on equal time
ok 74 - attempt order deterministic on equal time
  ---
  duration_ms: 0.039229
  type: 'test'
  ...
# Subtest: no previous attempt not stale
ok 75 - no previous attempt not stale
  ---
  duration_ms: 0.035684
  type: 'test'
  ...
# Subtest: phone DB prefix parity 00123456789
ok 76 - phone DB prefix parity 00123456789
  ---
  duration_ms: 0.14263
  type: 'test'
  ...
# Subtest: phone DB prefix parity 0000000000
ok 77 - phone DB prefix parity 0000000000
  ---
  duration_ms: 0.094591
  type: 'test'
  ...
# Subtest: phone DB prefix parity +82012345678
ok 78 - phone DB prefix parity +82012345678
  ---
  duration_ms: 0.079745
  type: 'test'
  ...
# Subtest: normalized phone matches SQL constraint 010-1234-5678
ok 79 - normalized phone matches SQL constraint 010-1234-5678
  ---
  duration_ms: 0.174951
  type: 'test'
  ...
# Subtest: normalized phone matches SQL constraint 02-123-4567
ok 80 - normalized phone matches SQL constraint 02-123-4567
  ---
  duration_ms: 0.057848
  type: 'test'
  ...
# Subtest: normalized phone matches SQL constraint +82 10 1234 5678
ok 81 - normalized phone matches SQL constraint +82 10 1234 5678
  ---
  duration_ms: 0.043112
  type: 'test'
  ...
# Subtest: first real v2 registration creates one initial analysis request
ok 82 - first real v2 registration creates one initial analysis request
  ---
  duration_ms: 1.686667
  type: 'test'
  ...
# Subtest: an existing legacy account without a v2 initial request is still first submission
ok 83 - an existing legacy account without a v2 initial request is still first submission
  ---
  duration_ms: 0.205569
  type: 'test'
  ...
# Subtest: reconnection creates a receipt but no new analysis request
ok 84 - reconnection creates a receipt but no new analysis request
  ---
  duration_ms: 0.164958
  type: 'test'
  ...
# Subtest: completed attempt is reused, root=false
ok 85 - completed attempt is reused, root=false
  ---
  duration_ms: 0.115572
  type: 'test'
  ...
# Subtest: completed attempt is reused, root=true
ok 86 - completed attempt is reused, root=true
  ---
  duration_ms: 0.093362
  type: 'test'
  ...
# Subtest: same contacts never affect server account classification
ok 87 - same contacts never affect server account classification
  ---
  duration_ms: 0.097059
  type: 'test'
  ...
# Subtest: invalid server facts are rejected: null
ok 88 - invalid server facts are rejected: null
  ---
  duration_ms: 0.391823
  type: 'test'
  ...
# Subtest: invalid server facts are rejected: []
ok 89 - invalid server facts are rejected: []
  ---
  duration_ms: 0.076284
  type: 'test'
  ...
# Subtest: invalid server facts are rejected: {}
ok 90 - invalid server facts are rejected: {}
  ---
  duration_ms: 0.286876
  type: 'test'
  ...
# Subtest: invalid server facts are rejected: {"hasInitialV2Request":"false","attemptAlreadyCompleted":false}
ok 91 - invalid server facts are rejected: {"hasInitialV2Request":"false","attemptAlreadyCompleted":false}
  ---
  duration_ms: 0.371233
  type: 'test'
  ...
# Subtest: invalid server facts are rejected: {"hasInitialV2Request":false,"attemptAlreadyCompleted":1}
ok 92 - invalid server facts are rejected: {"hasInitialV2Request":false,"attemptAlreadyCompleted":1}
  ---
  duration_ms: 0.128383
  type: 'test'
  ...
# Subtest: reconnection mail does not claim another pending analysis
ok 93 - reconnection mail does not claim another pending analysis
  ---
  duration_ms: 35.882158
  type: 'test'
  ...
# Subtest: initial mail keeps the pending review message
ok 94 - initial mail keeps the pending review message
  ---
  duration_ms: 0.654423
  type: 'test'
  ...
# Subtest: a string reconnection flag is rejected
ok 95 - a string reconnection flag is rejected
  ---
  duration_ms: 0.407999
  type: 'test'
  ...
1..95
# tests 95
# suites 0
# pass 95
# fail 0
# cancelled 0
# skipped 0
# todo 0
# duration_ms 136.303961
